                                                                           
                                                                           
***************************************************************************
***                                                                     ***
***                                                                     ***
***          __  __ ____   ____ _                                       ***
***         |  \/  |  _ \ / ___| |__   ___ _ __ ___                     ***
***         | |\/| | |_) | |   | '_ \ / _ \ '_ ` _ \                    ***
***         | |  | |  _ <| |___| | | |  __/ | | | | |                   ***
***         |_|  |_|_| \_\\____|_| |_|\___|_| |_| |_|                   ***
***                                                                     ***
***         VERSION            1.1.0-alpha                              ***
***                                                                     ***
***         Git branch         vecmult                                  ***
***         Git commit hash    7f93542d94af5a58c655-dirty               ***
***         Git commit author  gitpeterwind                             ***
***         Git commit date    Tue Feb 28 14:33:44 2023 +0100           ***
***                                                                     ***
***         Contact: luca.frediani@uit.no                               ***
***                                                                     ***
***         Radovan Bast            Magnar Bjorgve                      ***
***         Roberto Di Remigio      Antoine Durdek                      ***
***         Luca Frediani           Gabriel Gerez                       ***
***         Stig Rune Jensen        Jonas Juselius                      ***
***         Rune Monstad            Peter Wind                          ***
***                                                                     ***
***************************************************************************

---------------------------------------------------------------------------

 MPI processes           :       (no bank)                               1
 OpenMP threads          :                                               1
 Total cores             :                                               1
                                                                           
---------------------------------------------------------------------------

XCFun DFT library Copyright 2009-2020 Ulf Ekstrom and contributors.
See http://dftlibs.org/xcfun/ for more information.

This is free software; see the source code for copying conditions.
There is ABSOLUTELY NO WARRANTY; not even for MERCHANTABILITY or
FITNESS FOR A PARTICULAR PURPOSE. For details see the documentation.
Scientific users of this library should cite
U. Ekstrom, L. Visscher, R. Bast, A. J. Thorvaldsen and K. Ruud;
J.Chem.Theor.Comp. 2010, DOI: 10.1021/ct100117s

---------------------------------------------------------------------------

 MRCPP version         : 1.5.0-alpha
 Git branch            : master
 Git commit hash       : 134cf947b28cb88ce9d9-dirty
 Git commit author     : Stig Rune Jensen
 Git commit date       : Wed Nov 23 14:47:03 2022 +0100

 Linear algebra        : EIGEN v3.4.0
 Parallelization       : MPI/OpenMP (1 threads)

---------------------------------------------------------------------------


                                                                           
===========================================================================
                         MultiResolution Analysis
---------------------------------------------------------------------------
 polynomial order      : 5
 polynomial type       : Interpolating
---------------------------------------------------------------------------
 total boxes           : 8
 boxes                 : [          2           2           2 ]
 unit lengths          : [   64.00000    64.00000    64.00000 ]
 scaling factor        : [    1.00000     1.00000     1.00000 ]
 lower bounds          : [  -64.00000   -64.00000   -64.00000 ]
 upper bounds          : [   64.00000    64.00000    64.00000 ]
 total length          : [  128.00000   128.00000   128.00000 ]
===========================================================================


                                                                           
***************************************************************************
***                                                                     ***
***                        Initializing Molecule                        ***
***                                                                     ***
***************************************************************************
                                                                           
                                                                           
===========================================================================
                                 Molecule
---------------------------------------------------------------------------
 Charge                  :                                               0
 Multiplicity            :                                               1
---------------------------------------------------------------------------
    N    Atom            :               x               y               z
---------------------------------------------------------------------------
    0       F            :       -2.257974       -0.462275        0.644277
    1       H            :       -3.160577       -0.746598        2.092507
---------------------------------------------------------------------------
 Center of mass          :       -2.303448       -0.476600        0.717240
===========================================================================


                                                                           
***************************************************************************
***                                                                     ***
***                Computing Initial Guess Wavefunction                 ***
***                                                                     ***
***************************************************************************
                                                                           
                                                                           
~~~~~~~~~~~~~~~~~~~~~~~~~~~~~~~~~~~~~~~~~~~~~~~~~~~~~~~~~~~~~~~~~~~~~~~~~~~
 Calculation             : Compute initial orbitals
 Method                  : Diagonalize Core Hamiltonian matrix
 Precision               : 1.00000e-03
 Restricted              : True
 AO basis                : Hydrogenic orbitals
 Zeta quality            : 2
~~~~~~~~~~~~~~~~~~~~~~~~~~~~~~~~~~~~~~~~~~~~~~~~~~~~~~~~~~~~~~~~~~~~~~~~~~~


===========================================================================
                            Molecular Orbitals
---------------------------------------------------------------------------
 Alpha electrons         :                                               5
 Beta electrons          :                                               5
 Total electrons         :                                              10
---------------------------------------------------------------------------
    n  Occ Spin          :                                            Norm
---------------------------------------------------------------------------
    0    2    p          :                              9.996812789590e-01
    1    2    p          :                              9.998694293756e-01
    2    2    p          :                              9.999998231017e-01
    3    2    p          :                              9.999999836389e-01
    4    2    p          :                              9.999998001090e-01
===========================================================================


~~~~~~~~~~~~~~~~~~~~~~~~~~~~~~~~~~~~~~~~~~~~~~~~~~~~~~~~~~~~~~~~~~~~~~~~~~~
 Calculation             : Compute initial energy
 Method                  : DFT (SVWN5)
 Relativity              : None
 Precision               : 1.00000e-03
 Localization            : Off
~~~~~~~~~~~~~~~~~~~~~~~~~~~~~~~~~~~~~~~~~~~~~~~~~~~~~~~~~~~~~~~~~~~~~~~~~~~


===========================================================================
                        Molecular Energy (initial)
---------------------------------------------------------------------------
 Kinetic energy          :            (au)                163.657189628085
 E-N energy              :            (au)               -329.471631269557
 Coulomb energy          :            (au)                 94.643414765492
 Exchange energy         :            (au)                  0.000000000000
 X-C energy              :            (au)                -15.317147842493
 N-N energy              :            (au)                  5.202312141019
---------------------------------------------------------------------------
 Electronic energy       :            (au)                -86.488174718474
 Nuclear energy          :            (au)                  5.202312141019
---------------------------------------------------------------------------
 Total energy            :            (au)             -8.128586257746e+01
                         :      (kcal/mol)             -5.100764887474e+04
                         :        (kJ/mol)             -2.134160028919e+05
                         :            (eV)             -2.211901002933e+03
===========================================================================


===========================================================================
                        Orbital Energies (initial)
---------------------------------------------------------------------------
    n  Occ Spin          :                                         Epsilon
---------------------------------------------------------------------------
    0    2    p          :            (au)                -15.923795199392
    1    2    p          :            (au)                  3.237080127509
    2    2    p          :            (au)                  4.754583001874
    3    2    p          :            (au)                  4.777098918548
    4    2    p          :            (au)                  4.777662945437
---------------------------------------------------------------------------
 Sum occupied            :            (au)                  3.245259587952
===========================================================================


                                                                           
***************************************************************************
***                                                                     ***
***                    Printing Molecular Properties                    ***
***                                                                     ***
***************************************************************************
                                                                           
                                                                           
===========================================================================
                                 Molecule
---------------------------------------------------------------------------
 Charge                  :                                               0
 Multiplicity            :                                               1
---------------------------------------------------------------------------
    N    Atom            :               x               y               z
---------------------------------------------------------------------------
    0       F            :       -2.257974       -0.462275        0.644277
    1       H            :       -3.160577       -0.746598        2.092507
---------------------------------------------------------------------------
 Center of mass          :       -2.303448       -0.476600        0.717240
===========================================================================


===========================================================================
                         Molecular Energy (final)
---------------------------------------------------------------------------
 Kinetic energy          :            (au)                163.657189628085
 E-N energy              :            (au)               -329.471631269557
 Coulomb energy          :            (au)                 94.643414765492
 Exchange energy         :            (au)                  0.000000000000
 X-C energy              :            (au)                -15.317147842493
 N-N energy              :            (au)                  5.202312141019
---------------------------------------------------------------------------
 Electronic energy       :            (au)                -86.488174718474
 Nuclear energy          :            (au)                  5.202312141019
---------------------------------------------------------------------------
 Total energy            :            (au)             -8.128586257746e+01
                         :      (kcal/mol)             -5.100764887474e+04
                         :        (kJ/mol)             -2.134160028919e+05
                         :            (eV)             -2.211901002933e+03
===========================================================================


===========================================================================
                         Orbital Energies (final)
---------------------------------------------------------------------------
    n  Occ Spin          :                                         Epsilon
---------------------------------------------------------------------------
    0    2    p          :            (au)                -15.923795199392
    1    2    p          :            (au)                  3.237080127509
    2    2    p          :            (au)                  4.754583001874
    3    2    p          :            (au)                  4.777098918548
    4    2    p          :            (au)                  4.777662945437
---------------------------------------------------------------------------
 Sum occupied            :            (au)                  3.245259587952
===========================================================================


===========================================================================
                           Dipole Moment (dip-1)
---------------------------------------------------------------------------
 r_O                     :        0.000000        0.000000        0.000000
---------------------------------------------------------------------------
 Electronic vector       :       22.585366        4.622935       -6.451460
 Magnitude               :            (au)                       23.939332
                         :         (Debye)                       60.847712
---------------------------------------------------------------------------
 Nuclear vector          :      -23.482344       -4.907073        7.890998
 Magnitude               :            (au)                       25.254063
                         :         (Debye)                       64.189426
---------------------------------------------------------------------------
 Total vector            :       -0.896978       -0.284139        1.439539
 Magnitude               :            (au)                        1.719761
                         :         (Debye)                        4.371196
===========================================================================


===========================================================================
                       Geometric Derivative (geom-1)
---------------------------------------------------------------------------
 Total                   :       -1.377416       -2.571058        2.208743
                         :       -0.176198       -0.055895        0.282891
 Norm                    :            (au)                        3.674283
---------------------------------------------------------------------------
 Nuclear                 :       -1.568920       -0.494215        2.517339
                         :        1.568920        0.494215       -2.517339
 Norm                    :            (au)                        4.252705
---------------------------------------------------------------------------
 Electronic              :        0.191504       -2.076842       -0.308595
                         :       -1.745118       -0.550111        2.800230
 Norm                    :            (au)                        3.954051
===========================================================================


                                                                           
                                                                           
***************************************************************************
***                                                                     ***
***                            Exiting MRChem                           ***
***                                                                     ***
***                       Wall time :  0h  0m  7s                       ***
***                                                                     ***
***************************************************************************
                                                                           
                                                                           
