                                                                           
                                                                           
***************************************************************************
***                                                                     ***
***                                                                     ***
***          __  __ ____   ____ _                                       ***
***         |  \/  |  _ \ / ___| |__   ___ _ __ ___                     ***
***         | |\/| | |_) | |   | '_ \ / _ \ '_ ` _ \                    ***
***         | |  | |  _ <| |___| | | |  __/ | | | | |                   ***
***         |_|  |_|_| \_\\____|_| |_|\___|_| |_| |_|                   ***
***                                                                     ***
***         VERSION            1.2.0-alpha                              ***
***                                                                     ***
***         Git branch         cube_guess_rsp                           ***
***         Git commit hash    60e30ef5e7e906bd2411-dirty               ***
***         Git commit author  ggerez                                   ***
***         Git commit date    Wed Oct 26 21:46:01 2022 +0200           ***
***                                                                     ***
***         Contact: luca.frediani@uit.no                               ***
***                                                                     ***
***         Radovan Bast            Magnar Bjorgve                      ***
***         Roberto Di Remigio      Antoine Durdek                      ***
***         Luca Frediani           Gabriel Gerez                       ***
***         Stig Rune Jensen        Jonas Juselius                      ***
***         Rune Monstad            Peter Wind                          ***
***                                                                     ***
***************************************************************************

---------------------------------------------------------------------------

 MPI processes           :       (no bank)                               1
 OpenMP threads          :                                               8
 Total cores             :                                               8
                                                                           
---------------------------------------------------------------------------

XCFun DFT library Copyright 2009-2020 Ulf Ekstrom and contributors.
See http://dftlibs.org/xcfun/ for more information.

This is free software; see the source code for copying conditions.
There is ABSOLUTELY NO WARRANTY; not even for MERCHANTABILITY or
FITNESS FOR A PARTICULAR PURPOSE. For details see the documentation.
Scientific users of this library should cite
U. Ekstrom, L. Visscher, R. Bast, A. J. Thorvaldsen and K. Ruud;
J.Chem.Theor.Comp. 2010, DOI: 10.1021/ct100117s

---------------------------------------------------------------------------

 MRCPP version         : 1.4.1
 Git branch            : HEAD
 Git commit hash       : 75d41879b1908a94a452
 Git commit author     : Stig Rune Jensen
 Git commit date       : Thu Jan 6 11:38:53 2022 +0100

 Linear algebra        : EIGEN v3.4.0
 Parallelization       : OpenMP (8 threads)

---------------------------------------------------------------------------


                                                                           
===========================================================================
                         MultiResolution Analysis
---------------------------------------------------------------------------
 polynomial order      : 8
 polynomial type       : Interpolating
---------------------------------------------------------------------------
 total boxes           : 8
 boxes                 : [          2           2           2 ]
 unit lengths          : [   32.00000    32.00000    32.00000 ]
 scaling factor        : [    1.00000     1.00000     1.00000 ]
 lower bounds          : [  -32.00000   -32.00000   -32.00000 ]
 upper bounds          : [   32.00000    32.00000    32.00000 ]
 total length          : [   64.00000    64.00000    64.00000 ]
===========================================================================


                                                                           
***************************************************************************
***                                                                     ***
***                        Initializing Molecule                        ***
***                                                                     ***
***************************************************************************
                                                                           
                                                                           
===========================================================================
                                 Molecule
---------------------------------------------------------------------------
 Charge                  :                                               0
 Multiplicity            :                                               1
---------------------------------------------------------------------------
    N    Atom            :               x               y               z
---------------------------------------------------------------------------
    0       H            :        0.000000        0.000000       -0.700144
    1       H            :        0.000000        0.000000        0.700144
---------------------------------------------------------------------------
 Center of mass          :        0.000000        0.000000        0.000000
===========================================================================


                                                                           
***************************************************************************
***                                                                     ***
***                Computing Initial Guess Wavefunction                 ***
***                                                                     ***
***************************************************************************
                                                                           
                                                                           
~~~~~~~~~~~~~~~~~~~~~~~~~~~~~~~~~~~~~~~~~~~~~~~~~~~~~~~~~~~~~~~~~~~~~~~~~~~
 Calculation             : Compute initial orbitals
 Method                  : Diagonalize SAD Hamiltonian
 Precision               : 1.00000e-03
 Screening               : 1.20000e+01 StdDev
 Restricted              : True
 Functional              : LDA (SVWN5)
 AO basis                : Hydrogenic orbitals
 Zeta quality            : 2
~~~~~~~~~~~~~~~~~~~~~~~~~~~~~~~~~~~~~~~~~~~~~~~~~~~~~~~~~~~~~~~~~~~~~~~~~~~


===========================================================================
                            Molecular Orbitals
---------------------------------------------------------------------------
 Alpha electrons         :                                               1
 Beta electrons          :                                               1
 Total electrons         :                                               2
---------------------------------------------------------------------------
    n  Occ Spin          :                                            Norm
---------------------------------------------------------------------------
    0    2    p          :                              9.999999738616e-01
===========================================================================


~~~~~~~~~~~~~~~~~~~~~~~~~~~~~~~~~~~~~~~~~~~~~~~~~~~~~~~~~~~~~~~~~~~~~~~~~~~
 Calculation             : Compute initial energy
 Method                  : DFT
 Relativity              : None
 Environment             : None
 External fields         : None
 Precision               : 1.00000e-03
 Localization            : Off
~~~~~~~~~~~~~~~~~~~~~~~~~~~~~~~~~~~~~~~~~~~~~~~~~~~~~~~~~~~~~~~~~~~~~~~~~~~


===========================================================================
                        Molecular Energy (initial)
---------------------------------------------------------------------------
 Kinetic energy          :            (au)                  0.887445853823
 E-N energy              :            (au)                 -3.289758121485
 Coulomb energy          :            (au)                  1.176968443210
 Exchange energy         :            (au)                  0.000000000000
 X-C energy              :            (au)                  0.000000000000
 N-N energy              :            (au)                  0.714139285969
---------------------------------------------------------------------------
 Electronic energy       :            (au)                 -1.225343824452
 Nuclear energy          :            (au)                  0.714139285969
---------------------------------------------------------------------------
 Total energy            :            (au)             -5.112045384832e-01
                         :      (kcal/mol)             -3.207856910822e+02
                         :        (kJ/mol)             -1.342167331488e+03
                         :            (eV)             -1.391058414737e+01
===========================================================================


===========================================================================
                        Orbital Energies (initial)
---------------------------------------------------------------------------
    n  Occ Spin          :                                         Epsilon
---------------------------------------------------------------------------
    0    2    p          :            (au)                 -0.024187691886
---------------------------------------------------------------------------
 Sum occupied            :            (au)                 -0.048375383771
===========================================================================


                                                                           
***************************************************************************
***                                                                     ***
***               Computing Linear Response Wavefunction                ***
***                                                                     ***
***************************************************************************
                                                                           
                                                                           
Info: /Users/gsa017/repos/mrchem/src/driver.cpp: guess_orbitals(), line 862: guess type cube
~~~~~~~~~~~~~~~~~~~~~~~~~~~~~~~~~~~~~~~~~~~~~~~~~~~~~~~~~~~~~~~~~~~~~~~~~~~
 Calculation             : Compute initial orbitals
 Method                  : Project cube file molecular orbitals
 Precision               : 1.00000e-03
 Restricted              : True
 MO file                 : cube_vectors/CUBE_x_p_0_vector.json
~~~~~~~~~~~~~~~~~~~~~~~~~~~~~~~~~~~~~~~~~~~~~~~~~~~~~~~~~~~~~~~~~~~~~~~~~~~


Info: /Users/gsa017/repos/mrchem/src/driver.cpp: guess_orbitals(), line 864: 1
===========================================================================
                            Molecular Orbitals
---------------------------------------------------------------------------
 Alpha electrons         :                                               1
 Beta electrons          :                                               1
 Total electrons         :                                               2
---------------------------------------------------------------------------
    n  Occ Spin          :                                            Norm
---------------------------------------------------------------------------
    0    2    p          :                              4.893547500306e+00
===========================================================================


Info: /Users/gsa017/repos/mrchem/src/driver.cpp: run(), line 767: false
Info: /Users/gsa017/repos/mrchem/src/driver.cpp: guess_orbitals(), line 862: guess type cube
~~~~~~~~~~~~~~~~~~~~~~~~~~~~~~~~~~~~~~~~~~~~~~~~~~~~~~~~~~~~~~~~~~~~~~~~~~~
 Calculation             : Compute initial orbitals
 Method                  : Project cube file molecular orbitals
 Precision               : 1.00000e-03
 Restricted              : True
 MO file                 : cube_vectors/CUBE_x_p_1_vector.json
~~~~~~~~~~~~~~~~~~~~~~~~~~~~~~~~~~~~~~~~~~~~~~~~~~~~~~~~~~~~~~~~~~~~~~~~~~~


Info: /Users/gsa017/repos/mrchem/src/driver.cpp: guess_orbitals(), line 864: 1
===========================================================================
                            Molecular Orbitals
---------------------------------------------------------------------------
 Alpha electrons         :                                               1
 Beta electrons          :                                               1
 Total electrons         :                                               2
---------------------------------------------------------------------------
    n  Occ Spin          :                                            Norm
---------------------------------------------------------------------------
    0    2    p          :                              4.893547500306e+00
===========================================================================


Info: /Users/gsa017/repos/mrchem/src/driver.cpp: run(), line 767: false
Info: /Users/gsa017/repos/mrchem/src/driver.cpp: guess_orbitals(), line 862: guess type cube
~~~~~~~~~~~~~~~~~~~~~~~~~~~~~~~~~~~~~~~~~~~~~~~~~~~~~~~~~~~~~~~~~~~~~~~~~~~
 Calculation             : Compute initial orbitals
 Method                  : Project cube file molecular orbitals
 Precision               : 1.00000e-03
 Restricted              : True
 MO file                 : cube_vectors/CUBE_x_p_2_vector.json
~~~~~~~~~~~~~~~~~~~~~~~~~~~~~~~~~~~~~~~~~~~~~~~~~~~~~~~~~~~~~~~~~~~~~~~~~~~


Info: /Users/gsa017/repos/mrchem/src/driver.cpp: guess_orbitals(), line 864: 1
===========================================================================
                            Molecular Orbitals
---------------------------------------------------------------------------
 Alpha electrons         :                                               1
 Beta electrons          :                                               1
 Total electrons         :                                               2
---------------------------------------------------------------------------
    n  Occ Spin          :                                            Norm
---------------------------------------------------------------------------
    0    2    p          :                              5.979061213753e+00
===========================================================================


Info: /Users/gsa017/repos/mrchem/src/driver.cpp: run(), line 767: false
~~~~~~~~~~~~~~~~~~~~~~~~~~~~~~~~~~~~~~~~~~~~~~~~~~~~~~~~~~~~~~~~~~~~~~~~~~~
 Calculation             : Optimize linear response orbitals
 Frequency               : Static field
 Perturbation            : h_E_dip[z]
 Method                  : DFT
 Relativity              : None
 Checkpointing           : Off
 Max iterations          : 10
 KAIN solver             : 3
 Start precision         : 1.00000e-05
 Final precision         : 1.00000e-05
 Helmholtz precision     : Dynamic
 Property threshold      : Off
 Orbital threshold       : 1.00000e-02
~~~~~~~~~~~~~~~~~~~~~~~~~~~~~~~~~~~~~~~~~~~~~~~~~~~~~~~~~~~~~~~~~~~~~~~~~~~


Info: /Users/gsa017/repos/mrchem/src/scf_solver/LinearResponseSolver.cpp: optimize(), line 73: (-1.717327e+00,0.000000e+00)
===========================================================================
 Iter           MO residual       Symmetric property                Update
---------------------------------------------------------------------------
    0          1.000000e+00           0.000000000000          0.000000e+00
    1          4.876876e+00          -8.447459028984         -8.447459e+00
    2          1.108610e+00         -12.090662067995         -3.643203e+00
    3          3.237916e-01         -11.265028966198          8.256331e-01
    4          2.447885e-03         -11.267735427097         -2.706461e-03
---------------------------------------------------------------------------
                      SCF converged in 4 iterations!
===========================================================================


                                                                           
***************************************************************************
***                                                                     ***
***                    Printing Molecular Properties                    ***
***                                                                     ***
***************************************************************************
                                                                           
                                                                           
===========================================================================
                                 Molecule
---------------------------------------------------------------------------
 Charge                  :                                               0
 Multiplicity            :                                               1
---------------------------------------------------------------------------
    N    Atom            :               x               y               z
---------------------------------------------------------------------------
    0       H            :        0.000000        0.000000       -0.700144
    1       H            :        0.000000        0.000000        0.700144
---------------------------------------------------------------------------
 Center of mass          :        0.000000        0.000000        0.000000
===========================================================================


===========================================================================
                         Molecular Energy (final)
---------------------------------------------------------------------------
 Kinetic energy          :            (au)                  0.887445853823
 E-N energy              :            (au)                 -3.289758121485
 Coulomb energy          :            (au)                  1.176968443210
 Exchange energy         :            (au)                  0.000000000000
 X-C energy              :            (au)                  0.000000000000
 N-N energy              :            (au)                  0.714139285969
---------------------------------------------------------------------------
 Electronic energy       :            (au)                 -1.225343824452
 Nuclear energy          :            (au)                  0.714139285969
---------------------------------------------------------------------------
 Total energy            :            (au)             -5.112045384832e-01
                         :      (kcal/mol)             -3.207856910822e+02
                         :        (kJ/mol)             -1.342167331488e+03
                         :            (eV)             -1.391058414737e+01
===========================================================================


===========================================================================
                         Orbital Energies (final)
---------------------------------------------------------------------------
    n  Occ Spin          :                                         Epsilon
---------------------------------------------------------------------------
    0    2    p          :            (au)                 -0.024187691886
---------------------------------------------------------------------------
 Sum occupied            :            (au)                 -0.048375383771
===========================================================================


===========================================================================
                           Dipole Moment (dip-1)
---------------------------------------------------------------------------
 r_O                     :        0.000000        0.000000        0.000000
---------------------------------------------------------------------------
 Electronic vector       :       -0.000000       -0.000000        0.001750
 Magnitude               :            (au)                        0.001750
                         :         (Debye)                        0.004448
---------------------------------------------------------------------------
 Nuclear vector          :       -0.000000       -0.000000        0.000000
 Magnitude               :            (au)                        0.000000
                         :         (Debye)                        0.000000
---------------------------------------------------------------------------
 Total vector            :       -0.000000       -0.000000        0.001750
 Magnitude               :            (au)                        0.001750
                         :         (Debye)                        0.004448
===========================================================================


===========================================================================
                       Polarizability (pol-0.000000)
---------------------------------------------------------------------------
 Frequency               :            (au)                        0.000000
                         :          (cm-1)                        0.000000
 r_O                     :        0.000000        0.000000        0.000000
---------------------------------------------------------------------------
 Total tensor            :             N/A             N/A             N/A
                         :             N/A             N/A             N/A
                         :       -0.000000       -0.000000       11.267735
 Isotropic average       :            (au)                             N/A
===========================================================================


                                                                           
                                                                           
***************************************************************************
***                                                                     ***
***                            Exiting MRChem                           ***
***                                                                     ***
***                       Wall time :  0h  0m 30s                       ***
***                                                                     ***
***************************************************************************
                                                                           
                                                                           
